CxlResult:C:\Users\18019\Documents\UofU\SPRING2023\capstoneProject\MemoryVHDL\NeuralNet\NeuralNet.cache\compile_simlib\modelsim/ldpc_v2_0_11/.cxl.verilog.ldpc_v2_0_11.ldpc_v2_0_11.nt64.rpt =
	ExecutionPlatform = nt64 ,
	SourceLibrary = ldpc_v2_0_11 ,
	SourcePath = C:\Xilinx\Vivado\2022.2\data ,
	Simulator = modelsim ,
	SimulatorVersion = 10.5b ,
	CompiledLibrary = ldpc_v2_0_11 ,
	CompiledPath = C:\Users\18019\Documents\UofU\SPRING2023\capstoneProject\MemoryVHDL\NeuralNet\NeuralNet.cache\compile_simlib\modelsim/ldpc_v2_0_11 ,
	Timestamp = Thu Mar  2 16:47:36 2023 ,
	Time = 1677775656 ,
	Language = verilog ,
	XilinxVersion = 2022.2 ,
	LogFile = C:\Users\18019\Documents\UofU\SPRING2023\capstoneProject\MemoryVHDL\NeuralNet\NeuralNet.cache\compile_simlib\modelsim/ldpc_v2_0_11/.cxl.verilog.ldpc_v2_0_11.ldpc_v2_0_11.nt64.log ,
	NumOfErrors = 1 ,
	NumOfWarnings = 176 ,
	Error = C:/intelFPGA_lite/18.1/modelsim_ase/win32aloem/vlog  -L fec_5g_common_v1_1_1 -L ldpc_v2_0_11 +incdir+C:\Users\18019\AppData\Roaming\Xilinx\Vivado\.cxl.ip/incl -sv -svinputport=relaxed -work ldpc_v2_0_11 -f C:\Users\18019\Documents\UofU\SPRING2023\capstoneProject\MemoryVHDL\NeuralNet\NeuralNet.cache\compile_simlib\modelsim/ldpc_v2_0_11/.cxl.systemverilog.ldpc_v2_0_11.ldpc_v2_0_11.nt64.cmf ,
